
> scim-frontend@1.0.0 build
> vite build && npm run generate:sitemap

[36mvite v7.3.1 [32mbuilding client environment for production...[36m[39m
transforming...
[32m✓[39m 1327 modules transformed.
[31m✗[39m Build failed in 4.20s
[31merror during build:
[31m[vite:esbuild] Transform failed with 1 error:
D:/Alvine/SCIM/src/pages/LoginPage.jsx:299:10: ERROR: Unterminated regular expression[31m
file: [36mD:/Alvine/SCIM/src/pages/LoginPage.jsx:299:10[31m
[33m
[33mUnterminated regular expression[33m
297 |          </div>
298 |        </div>
299 |      </div>
    |            ^
300 |    );
301 |  };
[31m
    at failureErrorWithLog (d:\Alvine\SCIM\node_modules\esbuild\lib\main.js:1467:15)
    at d:\Alvine\SCIM\node_modules\esbuild\lib\main.js:736:50
    at responseCallbacks.<computed> (d:\Alvine\SCIM\node_modules\esbuild\lib\main.js:603:9)
    at handleIncomingPacket (d:\Alvine\SCIM\node_modules\esbuild\lib\main.js:658:12)
    at Socket.readFromStdout (d:\Alvine\SCIM\node_modules\esbuild\lib\main.js:581:7)
    at Socket.emit (node:events:508:28)
    at addChunk (node:internal/streams/readable:563:12)
    at readableAddChunkPushByteMode (node:internal/streams/readable:514:3)
    at Readable.push (node:internal/streams/readable:394:5)
    at Pipe.onStreamRead (node:internal/stream_base_commons:189:23)[39m
